// Jest Snapshot v1, https://goo.gl/fbAQLP

exports[`MovieList component renders correctly 1`] = `
Array [
  " ",
  <article
    className="small-movie-card catalog__movies-card"
    id={0}
    onMouseEnter={[Function]}
    onMouseLeave={[Function]}
  >
    <div
      className="small-movie-card__image"
    >
      <video
        height={175}
        muted={true}
        poster="img/fantastic-beasts-the-crimes-of-grindelwald.jpg"
        src="https://upload.wikimedia.org/wikipedia/commons/transcoded/b/b3/Big_Buck_Bunny_Trailer_400p.ogv/Big_Buck_Bunny_Trailer_400p.ogv.360p.webm"
        width={200}
      />
    </div>
    <h3
      className="small-movie-card__title"
    >
      <a
        className="small-movie-card__link"
        href="#"
      >
        Fantastic Beasts: The Crimes of Grindelwald
      </a>
    </h3>
  </article>,
  " ",
]
`;
